Analysis & Synthesis report for projetofinal
Wed Jun 12 11:00:17 2024
Quartus Prime Version 17.1.0 Build 590 10/25/2017 SJ Lite Edition


---------------------
; Table of Contents ;
---------------------
  1. Legal Notice
  2. Analysis & Synthesis Summary
  3. Analysis & Synthesis Settings
  4. Parallel Compilation
  5. Analysis & Synthesis Source Files Read
  6. Analysis & Synthesis Resource Usage Summary
  7. Analysis & Synthesis Resource Utilization by Entity
  8. State Machine - |projetofinal|running_state
  9. State Machine - |projetofinal|barra:barraEsq|estadoPorradao
 10. State Machine - |projetofinal|barra:barraDir|estadoPorradao
 11. State Machine - |projetofinal|vga:vga_instance|estadoV
 12. State Machine - |projetofinal|vga:vga_instance|estadoH
 13. User-Specified and Inferred Latches
 14. Registers Removed During Synthesis
 15. Removed Registers Triggering Further Register Optimizations
 16. General Register Statistics
 17. Inverted Register Statistics
 18. Multiplexer Restructuring Statistics (Restructuring Performed)
 19. Parameter Settings for User Entity Instance: Top-level Entity: |projetofinal
 20. Parameter Settings for User Entity Instance: placar:placar_instance
 21. Port Connectivity Checks: "barra:barraEsq"
 22. Port Connectivity Checks: "barra:barraDir"
 23. Post-Synthesis Netlist Statistics for Top Partition
 24. Elapsed Time Per Partition
 25. Analysis & Synthesis Messages



----------------
; Legal Notice ;
----------------
Copyright (C) 2017  Intel Corporation. All rights reserved.
Your use of Intel Corporation's design tools, logic functions 
and other software and tools, and its AMPP partner logic 
functions, and any output files from any of the foregoing 
(including device programming or simulation files), and any 
associated documentation or information are expressly subject 
to the terms and conditions of the Intel Program License 
Subscription Agreement, the Intel Quartus Prime License Agreement,
the Intel FPGA IP License Agreement, or other applicable license
agreement, including, without limitation, that your use is for
the sole purpose of programming logic devices manufactured by
Intel and sold by Intel or its authorized distributors.  Please
refer to the applicable agreement for further details.



+-------------------------------------------------------------------------------+
; Analysis & Synthesis Summary                                                  ;
+---------------------------------+---------------------------------------------+
; Analysis & Synthesis Status     ; Successful - Wed Jun 12 11:00:17 2024       ;
; Quartus Prime Version           ; 17.1.0 Build 590 10/25/2017 SJ Lite Edition ;
; Revision Name                   ; projetofinal                                ;
; Top-level Entity Name           ; projetofinal                                ;
; Family                          ; Cyclone V                                   ;
; Logic utilization (in ALMs)     ; N/A                                         ;
; Total registers                 ; 402                                         ;
; Total pins                      ; 86                                          ;
; Total virtual pins              ; 0                                           ;
; Total block memory bits         ; 0                                           ;
; Total DSP Blocks                ; 0                                           ;
; Total HSSI RX PCSs              ; 0                                           ;
; Total HSSI PMA RX Deserializers ; 0                                           ;
; Total HSSI TX PCSs              ; 0                                           ;
; Total HSSI PMA TX Serializers   ; 0                                           ;
; Total PLLs                      ; 0                                           ;
; Total DLLs                      ; 0                                           ;
+---------------------------------+---------------------------------------------+


+---------------------------------------------------------------------------------------------------------------------------+
; Analysis & Synthesis Settings                                                                                             ;
+---------------------------------------------------------------------------------+--------------------+--------------------+
; Option                                                                          ; Setting            ; Default Value      ;
+---------------------------------------------------------------------------------+--------------------+--------------------+
; Device                                                                          ; 5CSEMA5F31C6       ;                    ;
; Top-level entity name                                                           ; projetofinal       ; projetofinal       ;
; Family name                                                                     ; Cyclone V          ; Cyclone V          ;
; Use smart compilation                                                           ; Off                ; Off                ;
; Enable parallel Assembler and TimeQuest Timing Analyzer during compilation      ; On                 ; On                 ;
; Enable compact report table                                                     ; Off                ; Off                ;
; Restructure Multiplexers                                                        ; Auto               ; Auto               ;
; MLAB Add Timing Constraints For Mixed-Port Feed-Through Mode Setting Don't Care ; Off                ; Off                ;
; Create Debugging Nodes for IP Cores                                             ; Off                ; Off                ;
; Preserve fewer node names                                                       ; On                 ; On                 ;
; Intel FPGA IP Evaluation Mode                                                   ; Enable             ; Enable             ;
; Verilog Version                                                                 ; Verilog_2001       ; Verilog_2001       ;
; VHDL Version                                                                    ; VHDL_1993          ; VHDL_1993          ;
; State Machine Processing                                                        ; Auto               ; Auto               ;
; Safe State Machine                                                              ; Off                ; Off                ;
; Extract Verilog State Machines                                                  ; On                 ; On                 ;
; Extract VHDL State Machines                                                     ; On                 ; On                 ;
; Ignore Verilog initial constructs                                               ; Off                ; Off                ;
; Iteration limit for constant Verilog loops                                      ; 5000               ; 5000               ;
; Iteration limit for non-constant Verilog loops                                  ; 250                ; 250                ;
; Add Pass-Through Logic to Inferred RAMs                                         ; On                 ; On                 ;
; Infer RAMs from Raw Logic                                                       ; On                 ; On                 ;
; Parallel Synthesis                                                              ; On                 ; On                 ;
; DSP Block Balancing                                                             ; Auto               ; Auto               ;
; NOT Gate Push-Back                                                              ; On                 ; On                 ;
; Power-Up Don't Care                                                             ; On                 ; On                 ;
; Remove Redundant Logic Cells                                                    ; Off                ; Off                ;
; Remove Duplicate Registers                                                      ; On                 ; On                 ;
; Ignore CARRY Buffers                                                            ; Off                ; Off                ;
; Ignore CASCADE Buffers                                                          ; Off                ; Off                ;
; Ignore GLOBAL Buffers                                                           ; Off                ; Off                ;
; Ignore ROW GLOBAL Buffers                                                       ; Off                ; Off                ;
; Ignore LCELL Buffers                                                            ; Off                ; Off                ;
; Ignore SOFT Buffers                                                             ; On                 ; On                 ;
; Limit AHDL Integers to 32 Bits                                                  ; Off                ; Off                ;
; Optimization Technique                                                          ; Balanced           ; Balanced           ;
; Carry Chain Length                                                              ; 70                 ; 70                 ;
; Auto Carry Chains                                                               ; On                 ; On                 ;
; Auto Open-Drain Pins                                                            ; On                 ; On                 ;
; Perform WYSIWYG Primitive Resynthesis                                           ; Off                ; Off                ;
; Auto ROM Replacement                                                            ; On                 ; On                 ;
; Auto RAM Replacement                                                            ; On                 ; On                 ;
; Auto DSP Block Replacement                                                      ; On                 ; On                 ;
; Auto Shift Register Replacement                                                 ; Auto               ; Auto               ;
; Allow Shift Register Merging across Hierarchies                                 ; Auto               ; Auto               ;
; Auto Clock Enable Replacement                                                   ; On                 ; On                 ;
; Strict RAM Replacement                                                          ; Off                ; Off                ;
; Allow Synchronous Control Signals                                               ; On                 ; On                 ;
; Force Use of Synchronous Clear Signals                                          ; Off                ; Off                ;
; Auto Resource Sharing                                                           ; Off                ; Off                ;
; Allow Any RAM Size For Recognition                                              ; Off                ; Off                ;
; Allow Any ROM Size For Recognition                                              ; Off                ; Off                ;
; Allow Any Shift Register Size For Recognition                                   ; Off                ; Off                ;
; Use LogicLock Constraints during Resource Balancing                             ; On                 ; On                 ;
; Ignore translate_off and synthesis_off directives                               ; Off                ; Off                ;
; Timing-Driven Synthesis                                                         ; On                 ; On                 ;
; Report Parameter Settings                                                       ; On                 ; On                 ;
; Report Source Assignments                                                       ; On                 ; On                 ;
; Report Connectivity Checks                                                      ; On                 ; On                 ;
; Ignore Maximum Fan-Out Assignments                                              ; Off                ; Off                ;
; Synchronization Register Chain Length                                           ; 3                  ; 3                  ;
; Power Optimization During Synthesis                                             ; Normal compilation ; Normal compilation ;
; HDL message level                                                               ; Level2             ; Level2             ;
; Suppress Register Optimization Related Messages                                 ; Off                ; Off                ;
; Number of Removed Registers Reported in Synthesis Report                        ; 5000               ; 5000               ;
; Number of Swept Nodes Reported in Synthesis Report                              ; 5000               ; 5000               ;
; Number of Inverted Registers Reported in Synthesis Report                       ; 100                ; 100                ;
; Clock MUX Protection                                                            ; On                 ; On                 ;
; Auto Gated Clock Conversion                                                     ; Off                ; Off                ;
; Block Design Naming                                                             ; Auto               ; Auto               ;
; SDC constraint protection                                                       ; Off                ; Off                ;
; Synthesis Effort                                                                ; Auto               ; Auto               ;
; Shift Register Replacement - Allow Asynchronous Clear Signal                    ; On                 ; On                 ;
; Pre-Mapping Resynthesis Optimization                                            ; Off                ; Off                ;
; Analysis & Synthesis Message Level                                              ; Medium             ; Medium             ;
; Disable Register Merging Across Hierarchies                                     ; Auto               ; Auto               ;
; Resource Aware Inference For Block RAM                                          ; On                 ; On                 ;
; Automatic Parallel Synthesis                                                    ; On                 ; On                 ;
; Partial Reconfiguration Bitstream ID                                            ; Off                ; Off                ;
+---------------------------------------------------------------------------------+--------------------+--------------------+


+------------------------------------------+
; Parallel Compilation                     ;
+----------------------------+-------------+
; Processors                 ; Number      ;
+----------------------------+-------------+
; Number detected on machine ; 20          ;
; Maximum allowed            ; 12          ;
;                            ;             ;
; Average used               ; 1.00        ;
; Maximum used               ; 12          ;
;                            ;             ;
; Usage by Processor         ; % Time Used ;
;     Processor 1            ; 100.0%      ;
;     Processor 2            ;   0.0%      ;
;     Processor 3            ;   0.0%      ;
;     Processor 4            ;   0.0%      ;
;     Processor 5            ;   0.0%      ;
;     Processor 6            ;   0.0%      ;
;     Processor 7            ;   0.0%      ;
;     Processor 8            ;   0.0%      ;
;     Processors 9-12        ;   0.0%      ;
+----------------------------+-------------+


+-----------------------------------------------------------------------------------------------------------------------------------------------------------------------+
; Analysis & Synthesis Source Files Read                                                                                                                                ;
+----------------------------------+-----------------+------------------------+-------------------------------------------------------------------------------+---------+
; File Name with User-Entered Path ; Used in Netlist ; File Type              ; File Name with Absolute Path                                                  ; Library ;
+----------------------------------+-----------------+------------------------+-------------------------------------------------------------------------------+---------+
; vga.v                            ; yes             ; User Verilog HDL File  ; /home/ec2022/ra260514/MC613FINAL/2024s1-mc613-projeto-rat_race/vga.v          ;         ;
; projetofinal.v                   ; yes             ; User Verilog HDL File  ; /home/ec2022/ra260514/MC613FINAL/2024s1-mc613-projeto-rat_race/projetofinal.v ;         ;
; placar.v                         ; yes             ; User Verilog HDL File  ; /home/ec2022/ra260514/MC613FINAL/2024s1-mc613-projeto-rat_race/placar.v       ;         ;
; defines.vh                       ; yes             ; User Unspecified File  ; /home/ec2022/ra260514/MC613FINAL/2024s1-mc613-projeto-rat_race/defines.vh     ;         ;
; barra.v                          ; yes             ; User Verilog HDL File  ; /home/ec2022/ra260514/MC613FINAL/2024s1-mc613-projeto-rat_race/barra.v        ;         ;
+----------------------------------+-----------------+------------------------+-------------------------------------------------------------------------------+---------+


+------------------------------------------------------------------------+
; Analysis & Synthesis Resource Usage Summary                            ;
+---------------------------------------------+--------------------------+
; Resource                                    ; Usage                    ;
+---------------------------------------------+--------------------------+
; Estimate of Logic utilization (ALMs needed) ; 544                      ;
;                                             ;                          ;
; Combinational ALUT usage for logic          ; 920                      ;
;     -- 7 input functions                    ; 2                        ;
;     -- 6 input functions                    ; 163                      ;
;     -- 5 input functions                    ; 97                       ;
;     -- 4 input functions                    ; 77                       ;
;     -- <=3 input functions                  ; 581                      ;
;                                             ;                          ;
; Dedicated logic registers                   ; 402                      ;
;                                             ;                          ;
; I/O pins                                    ; 86                       ;
;                                             ;                          ;
; Total DSP Blocks                            ; 0                        ;
;                                             ;                          ;
; Maximum fan-out node                        ; vga:vga_instance|VGA_CLK ;
; Maximum fan-out                             ; 403                      ;
; Total fan-out                               ; 4748                     ;
; Average fan-out                             ; 3.18                     ;
+---------------------------------------------+--------------------------+


+-----------------------------------------------------------------------------------------------------------------------------------------------------------------------------------------------------------+
; Analysis & Synthesis Resource Utilization by Entity                                                                                                                                                       ;
+-----------------------------+---------------------+---------------------------+-------------------+------------+------+--------------+--------------------------------------+--------------+--------------+
; Compilation Hierarchy Node  ; Combinational ALUTs ; Dedicated Logic Registers ; Block Memory Bits ; DSP Blocks ; Pins ; Virtual Pins ; Full Hierarchy Name                  ; Entity Name  ; Library Name ;
+-----------------------------+---------------------+---------------------------+-------------------+------------+------+--------------+--------------------------------------+--------------+--------------+
; |projetofinal               ; 920 (417)           ; 402 (104)                 ; 0                 ; 0          ; 86   ; 0            ; |projetofinal                        ; projetofinal ; work         ;
;    |barra:barraDir|         ; 150 (150)           ; 114 (114)                 ; 0                 ; 0          ; 0    ; 0            ; |projetofinal|barra:barraDir         ; barra        ; work         ;
;    |barra:barraEsq|         ; 112 (112)           ; 85 (85)                   ; 0                 ; 0          ; 0    ; 0            ; |projetofinal|barra:barraEsq         ; barra        ; work         ;
;    |placar:placar_instance| ; 120 (120)           ; 0 (0)                     ; 0                 ; 0          ; 0    ; 0            ; |projetofinal|placar:placar_instance ; placar       ; work         ;
;    |vga:vga_instance|       ; 121 (121)           ; 99 (99)                   ; 0                 ; 0          ; 0    ; 0            ; |projetofinal|vga:vga_instance       ; vga          ; work         ;
+-----------------------------+---------------------+---------------------------+-------------------+------------+------+--------------+--------------------------------------+--------------+--------------+
Note: For table entries with two numbers listed, the numbers in parentheses indicate the number of resources of the given type used by the specific entity alone. The numbers listed outside of parentheses indicate the total resources of the given type used by the specific entity and all of its sub-entities in the hierarchy.


Encoding Type:  One-Hot
+---------------------------------------------+
; State Machine - |projetofinal|running_state ;
+------------------+--------------------------+
; Name             ; running_state.01         ;
+------------------+--------------------------+
; running_state.00 ; 0                        ;
; running_state.01 ; 1                        ;
+------------------+--------------------------+


Encoding Type:  One-Hot
+-------------------------------------------------------------------------------+
; State Machine - |projetofinal|barra:barraEsq|estadoPorradao                   ;
+-------------------+-------------------+-------------------+-------------------+
; Name              ; estadoPorradao.00 ; estadoPorradao.10 ; estadoPorradao.01 ;
+-------------------+-------------------+-------------------+-------------------+
; estadoPorradao.00 ; 0                 ; 0                 ; 0                 ;
; estadoPorradao.01 ; 1                 ; 0                 ; 1                 ;
; estadoPorradao.10 ; 1                 ; 1                 ; 0                 ;
+-------------------+-------------------+-------------------+-------------------+


Encoding Type:  One-Hot
+-------------------------------------------------------------------------------+
; State Machine - |projetofinal|barra:barraDir|estadoPorradao                   ;
+-------------------+-------------------+-------------------+-------------------+
; Name              ; estadoPorradao.00 ; estadoPorradao.10 ; estadoPorradao.01 ;
+-------------------+-------------------+-------------------+-------------------+
; estadoPorradao.00 ; 0                 ; 0                 ; 0                 ;
; estadoPorradao.01 ; 1                 ; 0                 ; 1                 ;
; estadoPorradao.10 ; 1                 ; 1                 ; 0                 ;
+-------------------+-------------------+-------------------+-------------------+


Encoding Type:  One-Hot
+----------------------------------------------------------------+
; State Machine - |projetofinal|vga:vga_instance|estadoV         ;
+------------+------------+------------+------------+------------+
; Name       ; estadoV.11 ; estadoV.10 ; estadoV.01 ; estadoV.00 ;
+------------+------------+------------+------------+------------+
; estadoV.00 ; 0          ; 0          ; 0          ; 0          ;
; estadoV.01 ; 0          ; 0          ; 1          ; 1          ;
; estadoV.10 ; 0          ; 1          ; 0          ; 1          ;
; estadoV.11 ; 1          ; 0          ; 0          ; 1          ;
+------------+------------+------------+------------+------------+


Encoding Type:  One-Hot
+----------------------------------------------------------------+
; State Machine - |projetofinal|vga:vga_instance|estadoH         ;
+------------+------------+------------+------------+------------+
; Name       ; estadoH.11 ; estadoH.10 ; estadoH.01 ; estadoH.00 ;
+------------+------------+------------+------------+------------+
; estadoH.00 ; 0          ; 0          ; 0          ; 0          ;
; estadoH.01 ; 0          ; 0          ; 1          ; 1          ;
; estadoH.10 ; 0          ; 1          ; 0          ; 1          ;
; estadoH.11 ; 1          ; 0          ; 0          ; 1          ;
+------------+------------+------------+------------+------------+


+-------------------------------------------------------------------------------------------------------------+
; User-Specified and Inferred Latches                                                                         ;
+-----------------------------------------------------+------------------------------+------------------------+
; Latch Name                                          ; Latch Enable Signal          ; Free of Timing Hazards ;
+-----------------------------------------------------+------------------------------+------------------------+
; placar:placar_instance|HEX0[0]                      ; placar:placar_instance|Mux47 ; yes                    ;
; placar:placar_instance|HEX0[1]                      ; placar:placar_instance|Mux47 ; yes                    ;
; placar:placar_instance|HEX0[2]                      ; placar:placar_instance|Mux47 ; yes                    ;
; placar:placar_instance|HEX0[3]                      ; placar:placar_instance|Mux47 ; yes                    ;
; placar:placar_instance|HEX0[4]                      ; placar:placar_instance|Mux47 ; yes                    ;
; placar:placar_instance|HEX0[5]                      ; placar:placar_instance|Mux47 ; yes                    ;
; placar:placar_instance|HEX0[6]                      ; placar:placar_instance|Mux47 ; yes                    ;
; placar:placar_instance|HEX1[0]                      ; placar:placar_instance|Mux39 ; yes                    ;
; placar:placar_instance|HEX1[1]                      ; placar:placar_instance|Mux39 ; yes                    ;
; placar:placar_instance|HEX1[2]                      ; placar:placar_instance|Mux39 ; yes                    ;
; placar:placar_instance|HEX1[3]                      ; placar:placar_instance|Mux39 ; yes                    ;
; placar:placar_instance|HEX1[4]                      ; placar:placar_instance|Mux39 ; yes                    ;
; placar:placar_instance|HEX1[5]                      ; placar:placar_instance|Mux39 ; yes                    ;
; placar:placar_instance|HEX1[6]                      ; placar:placar_instance|Mux39 ; yes                    ;
; placar:placar_instance|HEX3[0]                      ; placar:placar_instance|Mux2  ; yes                    ;
; placar:placar_instance|HEX3[1]                      ; placar:placar_instance|Mux2  ; yes                    ;
; placar:placar_instance|HEX3[2]                      ; placar:placar_instance|Mux2  ; yes                    ;
; placar:placar_instance|HEX3[3]                      ; placar:placar_instance|Mux2  ; yes                    ;
; placar:placar_instance|HEX3[4]                      ; placar:placar_instance|Mux2  ; yes                    ;
; placar:placar_instance|HEX3[5]                      ; placar:placar_instance|Mux2  ; yes                    ;
; placar:placar_instance|HEX3[6]                      ; placar:placar_instance|Mux2  ; yes                    ;
; placar:placar_instance|HEX4[0]                      ; placar:placar_instance|Mux10 ; yes                    ;
; placar:placar_instance|HEX4[1]                      ; placar:placar_instance|Mux10 ; yes                    ;
; placar:placar_instance|HEX4[2]                      ; placar:placar_instance|Mux10 ; yes                    ;
; placar:placar_instance|HEX4[3]                      ; placar:placar_instance|Mux10 ; yes                    ;
; placar:placar_instance|HEX4[4]                      ; placar:placar_instance|Mux10 ; yes                    ;
; placar:placar_instance|HEX4[5]                      ; placar:placar_instance|Mux10 ; yes                    ;
; placar:placar_instance|HEX4[6]                      ; placar:placar_instance|Mux10 ; yes                    ;
; Number of user-specified and inferred latches = 28  ;                              ;                        ;
+-----------------------------------------------------+------------------------------+------------------------+
Note: All latches listed above may not be present at the end of synthesis due to various synthesis optimizations.


+-----------------------------------------------------------------------------------------+
; Registers Removed During Synthesis                                                      ;
+-----------------------------------------+-----------------------------------------------+
; Register name                           ; Reason for Removal                            ;
+-----------------------------------------+-----------------------------------------------+
; veloHBola[4..31]                        ; Stuck at GND due to stuck port data_in        ;
; veloHBola[2,3]                          ; Stuck at VCC due to stuck port data_in        ;
; veloHBola[0,1]                          ; Stuck at GND due to stuck port data_in        ;
; veloVBola[5..31]                        ; Stuck at GND due to stuck port data_in        ;
; veloVBola[4]                            ; Stuck at VCC due to stuck port data_in        ;
; veloVBola[0..3]                         ; Stuck at GND due to stuck port data_in        ;
; fimDeJogoAux                            ; Stuck at GND due to stuck port data_in        ;
; periodo[22..32]                         ; Stuck at GND due to stuck port data_in        ;
; periodo[21]                             ; Stuck at VCC due to stuck port data_in        ;
; periodo[19,20]                          ; Stuck at GND due to stuck port data_in        ;
; periodo[17,18]                          ; Stuck at VCC due to stuck port data_in        ;
; periodo[14..16]                         ; Stuck at GND due to stuck port data_in        ;
; periodo[13]                             ; Stuck at VCC due to stuck port data_in        ;
; periodo[11,12]                          ; Stuck at GND due to stuck port data_in        ;
; periodo[10]                             ; Stuck at VCC due to stuck port data_in        ;
; periodo[9]                              ; Stuck at GND due to stuck port data_in        ;
; periodo[7,8]                            ; Stuck at VCC due to stuck port data_in        ;
; periodo[6]                              ; Stuck at GND due to stuck port data_in        ;
; periodo[5]                              ; Stuck at VCC due to stuck port data_in        ;
; periodo[0..4]                           ; Stuck at GND due to stuck port data_in        ;
; barra:barraEsq|contadorBarraV[0..2]     ; Stuck at GND due to stuck port data_in        ;
; barra:barraDir|contadorBarraV[0..2]     ; Stuck at GND due to stuck port data_in        ;
; fimDeJogo                               ; Stuck at GND due to stuck port data_in        ;
; VGA_R_aux[0..6]                         ; Merged with VGA_R_aux[7]                      ;
; VGA_G_aux[0..6]                         ; Merged with VGA_G_aux[7]                      ;
; VGA_B_aux[0..7]                         ; Merged with VGA_G_aux[7]                      ;
; contadorHBola[0]                        ; Merged with contadorHBola[1]                  ;
; contadorVBola[0..2]                     ; Merged with contadorVBola[3]                  ;
; barra:barraDir|contadorBarraH[1]        ; Merged with barra:barraDir|contadorBarraH[0]  ;
; barra:barraEsq|contadorBarraV[21]       ; Merged with barra:barraDir|contadorBarraV[21] ;
; barra:barraEsq|contadorBarraV[18]       ; Merged with barra:barraDir|contadorBarraV[18] ;
; barra:barraEsq|contadorBarraV[17]       ; Merged with barra:barraDir|contadorBarraV[17] ;
; barra:barraEsq|contadorBarraV[13]       ; Merged with barra:barraDir|contadorBarraV[13] ;
; barra:barraEsq|contadorBarraV[10]       ; Merged with barra:barraDir|contadorBarraV[10] ;
; barra:barraEsq|contadorBarraV[8]        ; Merged with barra:barraDir|contadorBarraV[8]  ;
; barra:barraEsq|contadorBarraV[7]        ; Merged with barra:barraDir|contadorBarraV[7]  ;
; barra:barraEsq|contadorBarraV[5]        ; Merged with barra:barraDir|contadorBarraV[5]  ;
; barra:barraEsq|contadorBarraV[31]       ; Merged with barra:barraDir|contadorBarraV[31] ;
; barra:barraEsq|contadorBarraV[30]       ; Merged with barra:barraDir|contadorBarraV[30] ;
; barra:barraEsq|contadorBarraV[29]       ; Merged with barra:barraDir|contadorBarraV[29] ;
; barra:barraEsq|contadorBarraV[28]       ; Merged with barra:barraDir|contadorBarraV[28] ;
; barra:barraEsq|contadorBarraV[27]       ; Merged with barra:barraDir|contadorBarraV[27] ;
; barra:barraEsq|contadorBarraV[26]       ; Merged with barra:barraDir|contadorBarraV[26] ;
; barra:barraEsq|contadorBarraV[25]       ; Merged with barra:barraDir|contadorBarraV[25] ;
; barra:barraEsq|contadorBarraV[24]       ; Merged with barra:barraDir|contadorBarraV[24] ;
; barra:barraEsq|contadorBarraV[23]       ; Merged with barra:barraDir|contadorBarraV[23] ;
; barra:barraEsq|contadorBarraV[22]       ; Merged with barra:barraDir|contadorBarraV[22] ;
; barra:barraEsq|contadorBarraV[20]       ; Merged with barra:barraDir|contadorBarraV[20] ;
; barra:barraEsq|contadorBarraV[19]       ; Merged with barra:barraDir|contadorBarraV[19] ;
; barra:barraEsq|contadorBarraV[16]       ; Merged with barra:barraDir|contadorBarraV[16] ;
; barra:barraEsq|contadorBarraV[15]       ; Merged with barra:barraDir|contadorBarraV[15] ;
; barra:barraEsq|contadorBarraV[14]       ; Merged with barra:barraDir|contadorBarraV[14] ;
; barra:barraEsq|contadorBarraV[12]       ; Merged with barra:barraDir|contadorBarraV[12] ;
; barra:barraEsq|contadorBarraV[11]       ; Merged with barra:barraDir|contadorBarraV[11] ;
; barra:barraEsq|contadorBarraV[9]        ; Merged with barra:barraDir|contadorBarraV[9]  ;
; barra:barraEsq|contadorBarraV[6]        ; Merged with barra:barraDir|contadorBarraV[6]  ;
; barra:barraEsq|contadorBarraV[4]        ; Merged with barra:barraDir|contadorBarraV[4]  ;
; barra:barraEsq|contadorBarraV[3]        ; Merged with barra:barraDir|contadorBarraV[3]  ;
; barra:barraEsq|contadorBarraH[1]        ; Merged with barra:barraEsq|contadorBarraH[0]  ;
; contadorHBola[1]                        ; Stuck at GND due to stuck port data_in        ;
; contadorVBola[3]                        ; Stuck at GND due to stuck port data_in        ;
; barra:barraDir|contadorBarraH[0]        ; Stuck at GND due to stuck port data_in        ;
; barra:barraEsq|contadorBarraH[0]        ; Stuck at GND due to stuck port data_in        ;
; running_state~7                         ; Lost fanout                                   ;
; vga:vga_instance|estadoV~5              ; Lost fanout                                   ;
; vga:vga_instance|estadoV~6              ; Lost fanout                                   ;
; vga:vga_instance|estadoH~6              ; Lost fanout                                   ;
; vga:vga_instance|estadoH~7              ; Lost fanout                                   ;
; Total Number of Removed Registers = 171 ;                                               ;
+-----------------------------------------+-----------------------------------------------+


+------------------------------------------------------------------------------------+
; Removed Registers Triggering Further Register Optimizations                        ;
+---------------+---------------------------+----------------------------------------+
; Register name ; Reason for Removal        ; Registers Removed due to This Register ;
+---------------+---------------------------+----------------------------------------+
; periodo[32]   ; Stuck at GND              ; contadorHBola[1], contadorVBola[3]     ;
;               ; due to stuck port data_in ;                                        ;
+---------------+---------------------------+----------------------------------------+


+------------------------------------------------------+
; General Register Statistics                          ;
+----------------------------------------------+-------+
; Statistic                                    ; Value ;
+----------------------------------------------+-------+
; Total registers                              ; 402   ;
; Number of registers using Synchronous Clear  ; 277   ;
; Number of registers using Synchronous Load   ; 0     ;
; Number of registers using Asynchronous Clear ; 301   ;
; Number of registers using Asynchronous Load  ; 0     ;
; Number of registers using Clock Enable       ; 196   ;
; Number of registers using Preset             ; 0     ;
+----------------------------------------------+-------+


+---------------------------------------------------+
; Inverted Register Statistics                      ;
+-----------------------------------------+---------+
; Inverted Register                       ; Fan out ;
+-----------------------------------------+---------+
; sentidoHBola                            ; 18      ;
; barra:barraEsq|y_barra[4]               ; 5       ;
; barra:barraEsq|y_barra[7]               ; 6       ;
; barra:barraEsq|y_barra[6]               ; 6       ;
; barra:barraEsq|y_barra[5]               ; 7       ;
; x_bola[4]                               ; 6       ;
; x_bola[1]                               ; 10      ;
; x_bola[5]                               ; 9       ;
; barra:barraDir|y_barra[4]               ; 6       ;
; barra:barraDir|y_barra[7]               ; 7       ;
; barra:barraDir|y_barra[6]               ; 7       ;
; barra:barraDir|y_barra[5]               ; 8       ;
; y_bola[7]                               ; 5       ;
; y_bola[4]                               ; 5       ;
; y_bola[6]                               ; 6       ;
; y_bola[5]                               ; 6       ;
; barra:barraDir|x_barra[6]               ; 5       ;
; barra:barraDir|x_barra[4]               ; 5       ;
; barra:barraDir|x_barra[3]               ; 5       ;
; barra:barraDir|x_barra[9]               ; 6       ;
; barra:barraEsq|x_barra[5]               ; 6       ;
; barra:barraEsq|x_barra[3]               ; 5       ;
; sentidoVBola                            ; 11      ;
; Total number of inverted registers = 23 ;         ;
+-----------------------------------------+---------+


+-----------------------------------------------------------------------------------------------------------------------------------------------------------------+
; Multiplexer Restructuring Statistics (Restructuring Performed)                                                                                                  ;
+--------------------+-----------+---------------+----------------------+------------------------+------------+---------------------------------------------------+
; Multiplexer Inputs ; Bus Width ; Baseline Area ; Area if Restructured ; Saving if Restructured ; Registered ; Example Multiplexer Output                        ;
+--------------------+-----------+---------------+----------------------+------------------------+------------+---------------------------------------------------+
; 3:1                ; 32 bits   ; 64 LEs        ; 0 LEs                ; 64 LEs                 ; Yes        ; |projetofinal|vga:vga_instance|contadorH[16]      ;
; 3:1                ; 6 bits    ; 12 LEs        ; 6 LEs                ; 6 LEs                  ; Yes        ; |projetofinal|y_bola[2]                           ;
; 4:1                ; 32 bits   ; 64 LEs        ; 0 LEs                ; 64 LEs                 ; Yes        ; |projetofinal|vga:vga_instance|contadorV[1]       ;
; 4:1                ; 2 bits    ; 4 LEs         ; 2 LEs                ; 2 LEs                  ; Yes        ; |projetofinal|x_bola[9]                           ;
; 4:1                ; 32 bits   ; 64 LEs        ; 0 LEs                ; 64 LEs                 ; Yes        ; |projetofinal|barra:barraEsq|contadorPorradao[17] ;
; 4:1                ; 32 bits   ; 64 LEs        ; 0 LEs                ; 64 LEs                 ; Yes        ; |projetofinal|barra:barraDir|contadorPorradao[9]  ;
; 5:1                ; 3 bits    ; 9 LEs         ; 3 LEs                ; 6 LEs                  ; Yes        ; |projetofinal|x_bola[3]                           ;
; 5:1                ; 2 bits    ; 6 LEs         ; 2 LEs                ; 4 LEs                  ; Yes        ; |projetofinal|x_bola[6]                           ;
; 6:1                ; 30 bits   ; 120 LEs       ; 0 LEs                ; 120 LEs                ; Yes        ; |projetofinal|barra:barraEsq|contadorBarraH[21]   ;
; 6:1                ; 30 bits   ; 120 LEs       ; 0 LEs                ; 120 LEs                ; Yes        ; |projetofinal|barra:barraDir|contadorBarraH[14]   ;
; 3:1                ; 4 bits    ; 8 LEs         ; 4 LEs                ; 4 LEs                  ; Yes        ; |projetofinal|y_bola[7]                           ;
; 5:1                ; 2 bits    ; 6 LEs         ; 2 LEs                ; 4 LEs                  ; Yes        ; |projetofinal|x_bola[5]                           ;
; 3:1                ; 2 bits    ; 4 LEs         ; 4 LEs                ; 0 LEs                  ; No         ; |projetofinal|vga:vga_instance|VGA_R              ;
; 6:1                ; 2 bits    ; 8 LEs         ; 4 LEs                ; 4 LEs                  ; No         ; |projetofinal|barra:barraEsq|Selector66           ;
; 6:1                ; 2 bits    ; 8 LEs         ; 4 LEs                ; 4 LEs                  ; No         ; |projetofinal|barra:barraDir|Selector64           ;
; 9:1                ; 4 bits    ; 24 LEs        ; 16 LEs               ; 8 LEs                  ; No         ; |projetofinal|vga:vga_instance|estadoV            ;
; 9:1                ; 4 bits    ; 24 LEs        ; 16 LEs               ; 8 LEs                  ; No         ; |projetofinal|vga:vga_instance|estadoH            ;
+--------------------+-----------+---------------+----------------------+------------------------+------------+---------------------------------------------------+


+------------------------------------------------------------------------------+
; Parameter Settings for User Entity Instance: Top-level Entity: |projetofinal ;
+------------------------+-------+---------------------------------------------+
; Parameter Name         ; Value ; Type                                        ;
+------------------------+-------+---------------------------------------------+
; TAMANHO_BOLA           ; 20    ; Signed Integer                              ;
; DIREITA_BOLA           ; 1     ; Signed Integer                              ;
; ESQUERDA_BOLA          ; 0     ; Signed Integer                              ;
; CIMA_BOLA              ; 1     ; Signed Integer                              ;
; BAIXO_BOLA             ; 0     ; Signed Integer                              ;
; ESTADO_VERTICAL_BOLA   ; 0     ; Signed Integer                              ;
; ESTADO_INCLINADO1_BOLA ; 1     ; Signed Integer                              ;
; ESTADO_INCLINADO2_BOLA ; 2     ; Signed Integer                              ;
; COL_BB_NULL            ; 0     ; Signed Integer                              ;
; COL_BDIR               ; 1     ; Signed Integer                              ;
; COL_BESQ               ; 2     ; Signed Integer                              ;
+------------------------+-------+---------------------------------------------+
Note: In order to hide this table in the UI and the text report file, please set the "Show Parameter Settings in Synthesis Report" option in "Analysis and Synthesis Settings -> More Settings" to "Off".


+---------------------------------------------------------------------+
; Parameter Settings for User Entity Instance: placar:placar_instance ;
+----------------+-------+--------------------------------------------+
; Parameter Name ; Value ; Type                                       ;
+----------------+-------+--------------------------------------------+
; W              ; 10    ; Signed Integer                             ;
+----------------+-------+--------------------------------------------+
Note: In order to hide this table in the UI and the text report file, please set the "Show Parameter Settings in Synthesis Report" option in "Analysis and Synthesis Settings -> More Settings" to "Off".


+--------------------------------------------------------------------------------------------------------------------------------------------------------------------------------------------------------------------------+
; Port Connectivity Checks: "barra:barraEsq"                                                                                                                                                                               ;
+-----------------+-------+----------+-------------------------------------------------------------------------------------------------------------------------------------------------------------------------------------+
; Port            ; Type  ; Severity ; Details                                                                                                                                                                             ;
+-----------------+-------+----------+-------------------------------------------------------------------------------------------------------------------------------------------------------------------------------------+
; x_inicial       ; Input ; Warning  ; Input port expression (32 bits) is wider than the input port (10 bits) it drives.  The 22 most-significant bit(s) in the expression will be dangling if they have no other fanouts. ;
; x_inicial[9..6] ; Input ; Info     ; Stuck at GND                                                                                                                                                                        ;
; x_inicial[2..0] ; Input ; Info     ; Stuck at GND                                                                                                                                                                        ;
; x_inicial[5]    ; Input ; Info     ; Stuck at VCC                                                                                                                                                                        ;
; x_inicial[4]    ; Input ; Info     ; Stuck at GND                                                                                                                                                                        ;
; x_inicial[3]    ; Input ; Info     ; Stuck at VCC                                                                                                                                                                        ;
; y_inicial       ; Input ; Warning  ; Input port expression (32 bits) is wider than the input port (10 bits) it drives.  The 22 most-significant bit(s) in the expression will be dangling if they have no other fanouts. ;
; y_inicial[7..4] ; Input ; Info     ; Stuck at VCC                                                                                                                                                                        ;
; y_inicial[9..8] ; Input ; Info     ; Stuck at GND                                                                                                                                                                        ;
; y_inicial[3..0] ; Input ; Info     ; Stuck at GND                                                                                                                                                                        ;
+-----------------+-------+----------+-------------------------------------------------------------------------------------------------------------------------------------------------------------------------------------+


+--------------------------------------------------------------------------------------------------------------------------------------------------------------------------------------------------------------------------+
; Port Connectivity Checks: "barra:barraDir"                                                                                                                                                                               ;
+-----------------+-------+----------+-------------------------------------------------------------------------------------------------------------------------------------------------------------------------------------+
; Port            ; Type  ; Severity ; Details                                                                                                                                                                             ;
+-----------------+-------+----------+-------------------------------------------------------------------------------------------------------------------------------------------------------------------------------------+
; x_inicial       ; Input ; Warning  ; Input port expression (32 bits) is wider than the input port (10 bits) it drives.  The 22 most-significant bit(s) in the expression will be dangling if they have no other fanouts. ;
; x_inicial[4..3] ; Input ; Info     ; Stuck at VCC                                                                                                                                                                        ;
; x_inicial[8..7] ; Input ; Info     ; Stuck at GND                                                                                                                                                                        ;
; x_inicial[2..0] ; Input ; Info     ; Stuck at GND                                                                                                                                                                        ;
; x_inicial[9]    ; Input ; Info     ; Stuck at VCC                                                                                                                                                                        ;
; x_inicial[6]    ; Input ; Info     ; Stuck at VCC                                                                                                                                                                        ;
; x_inicial[5]    ; Input ; Info     ; Stuck at GND                                                                                                                                                                        ;
; y_inicial       ; Input ; Warning  ; Input port expression (32 bits) is wider than the input port (10 bits) it drives.  The 22 most-significant bit(s) in the expression will be dangling if they have no other fanouts. ;
; y_inicial[7..4] ; Input ; Info     ; Stuck at VCC                                                                                                                                                                        ;
; y_inicial[9..8] ; Input ; Info     ; Stuck at GND                                                                                                                                                                        ;
; y_inicial[3..0] ; Input ; Info     ; Stuck at GND                                                                                                                                                                        ;
+-----------------+-------+----------+-------------------------------------------------------------------------------------------------------------------------------------------------------------------------------------+


+-----------------------------------------------------+
; Post-Synthesis Netlist Statistics for Top Partition ;
+-----------------------+-----------------------------+
; Type                  ; Count                       ;
+-----------------------+-----------------------------+
; arriav_ff             ; 402                         ;
;     CLR               ; 12                          ;
;     CLR SCLR          ; 151                         ;
;     ENA               ; 26                          ;
;     ENA CLR           ; 78                          ;
;     ENA CLR SCLR      ; 60                          ;
;     ENA SCLR          ; 32                          ;
;     SCLR              ; 34                          ;
;     plain             ; 9                           ;
; arriav_lcell_comb     ; 924                         ;
;     arith             ; 464                         ;
;         0 data inputs ; 11                          ;
;         1 data inputs ; 394                         ;
;         2 data inputs ; 41                          ;
;         4 data inputs ; 4                           ;
;         5 data inputs ; 14                          ;
;     extend            ; 2                           ;
;         7 data inputs ; 2                           ;
;     normal            ; 458                         ;
;         0 data inputs ; 2                           ;
;         1 data inputs ; 24                          ;
;         2 data inputs ; 42                          ;
;         3 data inputs ; 71                          ;
;         4 data inputs ; 73                          ;
;         5 data inputs ; 83                          ;
;         6 data inputs ; 163                         ;
; boundary_port         ; 86                          ;
;                       ;                             ;
; Max LUT depth         ; 7.10                        ;
; Average LUT depth     ; 4.06                        ;
+-----------------------+-----------------------------+


+-------------------------------+
; Elapsed Time Per Partition    ;
+----------------+--------------+
; Partition Name ; Elapsed Time ;
+----------------+--------------+
; Top            ; 00:00:02     ;
+----------------+--------------+


+-------------------------------+
; Analysis & Synthesis Messages ;
+-------------------------------+
Info: *******************************************************************
Info: Running Quartus Prime Analysis & Synthesis
    Info: Version 17.1.0 Build 590 10/25/2017 SJ Lite Edition
    Info: Processing started: Wed Jun 12 11:00:04 2024
Info: Command: quartus_map --read_settings_files=on --write_settings_files=off projetofinal -c projetofinal
Warning (18236): Number of processors has not been specified which may cause overloading on shared machines.  Set the global assignment NUM_PARALLEL_PROCESSORS in your QSF to an appropriate value for best performance.
Info (20030): Parallel compilation is enabled and will use 12 of the 12 processors detected
Info (12021): Found 1 design units, including 1 entities, in source file vga.v
    Info (12023): Found entity 1: vga File: /home/ec2022/ra260514/MC613FINAL/2024s1-mc613-projeto-rat_race/vga.v Line: 1
Info (12021): Found 1 design units, including 1 entities, in source file projetofinal.v
    Info (12023): Found entity 1: projetofinal File: /home/ec2022/ra260514/MC613FINAL/2024s1-mc613-projeto-rat_race/projetofinal.v Line: 3
Info (12021): Found 1 design units, including 1 entities, in source file placar.v
    Info (12023): Found entity 1: placar File: /home/ec2022/ra260514/MC613FINAL/2024s1-mc613-projeto-rat_race/placar.v Line: 1
Info (12021): Found 1 design units, including 1 entities, in source file barra.v
    Info (12023): Found entity 1: barra File: /home/ec2022/ra260514/MC613FINAL/2024s1-mc613-projeto-rat_race/barra.v Line: 5
Warning (10236): Verilog HDL Implicit Net warning at projetofinal.v(33): created implicit net for "reset" File: /home/ec2022/ra260514/MC613FINAL/2024s1-mc613-projeto-rat_race/projetofinal.v Line: 33
Info (12127): Elaborating entity "projetofinal" for the top level hierarchy
Warning (10036): Verilog HDL or VHDL warning at projetofinal.v(153): object "estadoAnguloBola" assigned a value but never read File: /home/ec2022/ra260514/MC613FINAL/2024s1-mc613-projeto-rat_race/projetofinal.v Line: 153
Warning (10230): Verilog HDL assignment warning at projetofinal.v(182): truncated value with size 32 to match size of target (2) File: /home/ec2022/ra260514/MC613FINAL/2024s1-mc613-projeto-rat_race/projetofinal.v Line: 182
Warning (10230): Verilog HDL assignment warning at projetofinal.v(196): truncated value with size 32 to match size of target (2) File: /home/ec2022/ra260514/MC613FINAL/2024s1-mc613-projeto-rat_race/projetofinal.v Line: 196
Warning (10230): Verilog HDL assignment warning at projetofinal.v(205): truncated value with size 32 to match size of target (10) File: /home/ec2022/ra260514/MC613FINAL/2024s1-mc613-projeto-rat_race/projetofinal.v Line: 205
Warning (10230): Verilog HDL assignment warning at projetofinal.v(206): truncated value with size 32 to match size of target (1) File: /home/ec2022/ra260514/MC613FINAL/2024s1-mc613-projeto-rat_race/projetofinal.v Line: 206
Warning (10230): Verilog HDL assignment warning at projetofinal.v(209): truncated value with size 32 to match size of target (10) File: /home/ec2022/ra260514/MC613FINAL/2024s1-mc613-projeto-rat_race/projetofinal.v Line: 209
Warning (10230): Verilog HDL assignment warning at projetofinal.v(210): truncated value with size 32 to match size of target (1) File: /home/ec2022/ra260514/MC613FINAL/2024s1-mc613-projeto-rat_race/projetofinal.v Line: 210
Warning (10230): Verilog HDL assignment warning at projetofinal.v(219): truncated value with size 32 to match size of target (1) File: /home/ec2022/ra260514/MC613FINAL/2024s1-mc613-projeto-rat_race/projetofinal.v Line: 219
Warning (10230): Verilog HDL assignment warning at projetofinal.v(228): truncated value with size 32 to match size of target (10) File: /home/ec2022/ra260514/MC613FINAL/2024s1-mc613-projeto-rat_race/projetofinal.v Line: 228
Warning (10230): Verilog HDL assignment warning at projetofinal.v(231): truncated value with size 32 to match size of target (1) File: /home/ec2022/ra260514/MC613FINAL/2024s1-mc613-projeto-rat_race/projetofinal.v Line: 231
Warning (10230): Verilog HDL assignment warning at projetofinal.v(232): truncated value with size 32 to match size of target (10) File: /home/ec2022/ra260514/MC613FINAL/2024s1-mc613-projeto-rat_race/projetofinal.v Line: 232
Warning (10230): Verilog HDL assignment warning at projetofinal.v(237): truncated value with size 32 to match size of target (1) File: /home/ec2022/ra260514/MC613FINAL/2024s1-mc613-projeto-rat_race/projetofinal.v Line: 237
Warning (10230): Verilog HDL assignment warning at projetofinal.v(238): truncated value with size 32 to match size of target (10) File: /home/ec2022/ra260514/MC613FINAL/2024s1-mc613-projeto-rat_race/projetofinal.v Line: 238
Warning (10230): Verilog HDL assignment warning at projetofinal.v(240): truncated value with size 32 to match size of target (1) File: /home/ec2022/ra260514/MC613FINAL/2024s1-mc613-projeto-rat_race/projetofinal.v Line: 240
Warning (10230): Verilog HDL assignment warning at projetofinal.v(241): truncated value with size 32 to match size of target (10) File: /home/ec2022/ra260514/MC613FINAL/2024s1-mc613-projeto-rat_race/projetofinal.v Line: 241
Info (12128): Elaborating entity "vga" for hierarchy "vga:vga_instance" File: /home/ec2022/ra260514/MC613FINAL/2024s1-mc613-projeto-rat_race/projetofinal.v Line: 52
Warning (10230): Verilog HDL assignment warning at vga.v(147): truncated value with size 32 to match size of target (10) File: /home/ec2022/ra260514/MC613FINAL/2024s1-mc613-projeto-rat_race/vga.v Line: 147
Warning (10230): Verilog HDL assignment warning at vga.v(148): truncated value with size 32 to match size of target (10) File: /home/ec2022/ra260514/MC613FINAL/2024s1-mc613-projeto-rat_race/vga.v Line: 148
Info (12128): Elaborating entity "placar" for hierarchy "placar:placar_instance" File: /home/ec2022/ra260514/MC613FINAL/2024s1-mc613-projeto-rat_race/projetofinal.v Line: 67
Warning (10270): Verilog HDL Case Statement warning at placar.v(18): incomplete case statement has no default case item File: /home/ec2022/ra260514/MC613FINAL/2024s1-mc613-projeto-rat_race/placar.v Line: 18
Warning (10270): Verilog HDL Case Statement warning at placar.v(31): incomplete case statement has no default case item File: /home/ec2022/ra260514/MC613FINAL/2024s1-mc613-projeto-rat_race/placar.v Line: 31
Warning (10270): Verilog HDL Case Statement warning at placar.v(44): incomplete case statement has no default case item File: /home/ec2022/ra260514/MC613FINAL/2024s1-mc613-projeto-rat_race/placar.v Line: 44
Warning (10240): Verilog HDL Always Construct warning at placar.v(17): inferring latch(es) for variable "HEX0", which holds its previous value in one or more paths through the always construct File: /home/ec2022/ra260514/MC613FINAL/2024s1-mc613-projeto-rat_race/placar.v Line: 17
Warning (10240): Verilog HDL Always Construct warning at placar.v(17): inferring latch(es) for variable "HEX1", which holds its previous value in one or more paths through the always construct File: /home/ec2022/ra260514/MC613FINAL/2024s1-mc613-projeto-rat_race/placar.v Line: 17
Warning (10240): Verilog HDL Always Construct warning at placar.v(17): inferring latch(es) for variable "HEX2", which holds its previous value in one or more paths through the always construct File: /home/ec2022/ra260514/MC613FINAL/2024s1-mc613-projeto-rat_race/placar.v Line: 17
Warning (10270): Verilog HDL Case Statement warning at placar.v(59): incomplete case statement has no default case item File: /home/ec2022/ra260514/MC613FINAL/2024s1-mc613-projeto-rat_race/placar.v Line: 59
Warning (10270): Verilog HDL Case Statement warning at placar.v(72): incomplete case statement has no default case item File: /home/ec2022/ra260514/MC613FINAL/2024s1-mc613-projeto-rat_race/placar.v Line: 72
Warning (10270): Verilog HDL Case Statement warning at placar.v(85): incomplete case statement has no default case item File: /home/ec2022/ra260514/MC613FINAL/2024s1-mc613-projeto-rat_race/placar.v Line: 85
Warning (10240): Verilog HDL Always Construct warning at placar.v(58): inferring latch(es) for variable "HEX3", which holds its previous value in one or more paths through the always construct File: /home/ec2022/ra260514/MC613FINAL/2024s1-mc613-projeto-rat_race/placar.v Line: 58
Warning (10240): Verilog HDL Always Construct warning at placar.v(58): inferring latch(es) for variable "HEX4", which holds its previous value in one or more paths through the always construct File: /home/ec2022/ra260514/MC613FINAL/2024s1-mc613-projeto-rat_race/placar.v Line: 58
Warning (10240): Verilog HDL Always Construct warning at placar.v(58): inferring latch(es) for variable "HEX5", which holds its previous value in one or more paths through the always construct File: /home/ec2022/ra260514/MC613FINAL/2024s1-mc613-projeto-rat_race/placar.v Line: 58
Info (10041): Inferred latch for "HEX5[0]" at placar.v(58) File: /home/ec2022/ra260514/MC613FINAL/2024s1-mc613-projeto-rat_race/placar.v Line: 58
Info (10041): Inferred latch for "HEX5[1]" at placar.v(58) File: /home/ec2022/ra260514/MC613FINAL/2024s1-mc613-projeto-rat_race/placar.v Line: 58
Info (10041): Inferred latch for "HEX5[2]" at placar.v(58) File: /home/ec2022/ra260514/MC613FINAL/2024s1-mc613-projeto-rat_race/placar.v Line: 58
Info (10041): Inferred latch for "HEX5[3]" at placar.v(58) File: /home/ec2022/ra260514/MC613FINAL/2024s1-mc613-projeto-rat_race/placar.v Line: 58
Info (10041): Inferred latch for "HEX5[4]" at placar.v(58) File: /home/ec2022/ra260514/MC613FINAL/2024s1-mc613-projeto-rat_race/placar.v Line: 58
Info (10041): Inferred latch for "HEX5[5]" at placar.v(58) File: /home/ec2022/ra260514/MC613FINAL/2024s1-mc613-projeto-rat_race/placar.v Line: 58
Info (10041): Inferred latch for "HEX5[6]" at placar.v(58) File: /home/ec2022/ra260514/MC613FINAL/2024s1-mc613-projeto-rat_race/placar.v Line: 58
Info (10041): Inferred latch for "HEX4[0]" at placar.v(58) File: /home/ec2022/ra260514/MC613FINAL/2024s1-mc613-projeto-rat_race/placar.v Line: 58
Info (10041): Inferred latch for "HEX4[1]" at placar.v(58) File: /home/ec2022/ra260514/MC613FINAL/2024s1-mc613-projeto-rat_race/placar.v Line: 58
Info (10041): Inferred latch for "HEX4[2]" at placar.v(58) File: /home/ec2022/ra260514/MC613FINAL/2024s1-mc613-projeto-rat_race/placar.v Line: 58
Info (10041): Inferred latch for "HEX4[3]" at placar.v(58) File: /home/ec2022/ra260514/MC613FINAL/2024s1-mc613-projeto-rat_race/placar.v Line: 58
Info (10041): Inferred latch for "HEX4[4]" at placar.v(58) File: /home/ec2022/ra260514/MC613FINAL/2024s1-mc613-projeto-rat_race/placar.v Line: 58
Info (10041): Inferred latch for "HEX4[5]" at placar.v(58) File: /home/ec2022/ra260514/MC613FINAL/2024s1-mc613-projeto-rat_race/placar.v Line: 58
Info (10041): Inferred latch for "HEX4[6]" at placar.v(58) File: /home/ec2022/ra260514/MC613FINAL/2024s1-mc613-projeto-rat_race/placar.v Line: 58
Info (10041): Inferred latch for "HEX3[0]" at placar.v(58) File: /home/ec2022/ra260514/MC613FINAL/2024s1-mc613-projeto-rat_race/placar.v Line: 58
Info (10041): Inferred latch for "HEX3[1]" at placar.v(58) File: /home/ec2022/ra260514/MC613FINAL/2024s1-mc613-projeto-rat_race/placar.v Line: 58
Info (10041): Inferred latch for "HEX3[2]" at placar.v(58) File: /home/ec2022/ra260514/MC613FINAL/2024s1-mc613-projeto-rat_race/placar.v Line: 58
Info (10041): Inferred latch for "HEX3[3]" at placar.v(58) File: /home/ec2022/ra260514/MC613FINAL/2024s1-mc613-projeto-rat_race/placar.v Line: 58
Info (10041): Inferred latch for "HEX3[4]" at placar.v(58) File: /home/ec2022/ra260514/MC613FINAL/2024s1-mc613-projeto-rat_race/placar.v Line: 58
Info (10041): Inferred latch for "HEX3[5]" at placar.v(58) File: /home/ec2022/ra260514/MC613FINAL/2024s1-mc613-projeto-rat_race/placar.v Line: 58
Info (10041): Inferred latch for "HEX3[6]" at placar.v(58) File: /home/ec2022/ra260514/MC613FINAL/2024s1-mc613-projeto-rat_race/placar.v Line: 58
Info (10041): Inferred latch for "HEX2[0]" at placar.v(17) File: /home/ec2022/ra260514/MC613FINAL/2024s1-mc613-projeto-rat_race/placar.v Line: 17
Info (10041): Inferred latch for "HEX2[1]" at placar.v(17) File: /home/ec2022/ra260514/MC613FINAL/2024s1-mc613-projeto-rat_race/placar.v Line: 17
Info (10041): Inferred latch for "HEX2[2]" at placar.v(17) File: /home/ec2022/ra260514/MC613FINAL/2024s1-mc613-projeto-rat_race/placar.v Line: 17
Info (10041): Inferred latch for "HEX2[3]" at placar.v(17) File: /home/ec2022/ra260514/MC613FINAL/2024s1-mc613-projeto-rat_race/placar.v Line: 17
Info (10041): Inferred latch for "HEX2[4]" at placar.v(17) File: /home/ec2022/ra260514/MC613FINAL/2024s1-mc613-projeto-rat_race/placar.v Line: 17
Info (10041): Inferred latch for "HEX2[5]" at placar.v(17) File: /home/ec2022/ra260514/MC613FINAL/2024s1-mc613-projeto-rat_race/placar.v Line: 17
Info (10041): Inferred latch for "HEX2[6]" at placar.v(17) File: /home/ec2022/ra260514/MC613FINAL/2024s1-mc613-projeto-rat_race/placar.v Line: 17
Info (10041): Inferred latch for "HEX1[0]" at placar.v(17) File: /home/ec2022/ra260514/MC613FINAL/2024s1-mc613-projeto-rat_race/placar.v Line: 17
Info (10041): Inferred latch for "HEX1[1]" at placar.v(17) File: /home/ec2022/ra260514/MC613FINAL/2024s1-mc613-projeto-rat_race/placar.v Line: 17
Info (10041): Inferred latch for "HEX1[2]" at placar.v(17) File: /home/ec2022/ra260514/MC613FINAL/2024s1-mc613-projeto-rat_race/placar.v Line: 17
Info (10041): Inferred latch for "HEX1[3]" at placar.v(17) File: /home/ec2022/ra260514/MC613FINAL/2024s1-mc613-projeto-rat_race/placar.v Line: 17
Info (10041): Inferred latch for "HEX1[4]" at placar.v(17) File: /home/ec2022/ra260514/MC613FINAL/2024s1-mc613-projeto-rat_race/placar.v Line: 17
Info (10041): Inferred latch for "HEX1[5]" at placar.v(17) File: /home/ec2022/ra260514/MC613FINAL/2024s1-mc613-projeto-rat_race/placar.v Line: 17
Info (10041): Inferred latch for "HEX1[6]" at placar.v(17) File: /home/ec2022/ra260514/MC613FINAL/2024s1-mc613-projeto-rat_race/placar.v Line: 17
Info (10041): Inferred latch for "HEX0[0]" at placar.v(17) File: /home/ec2022/ra260514/MC613FINAL/2024s1-mc613-projeto-rat_race/placar.v Line: 17
Info (10041): Inferred latch for "HEX0[1]" at placar.v(17) File: /home/ec2022/ra260514/MC613FINAL/2024s1-mc613-projeto-rat_race/placar.v Line: 17
Info (10041): Inferred latch for "HEX0[2]" at placar.v(17) File: /home/ec2022/ra260514/MC613FINAL/2024s1-mc613-projeto-rat_race/placar.v Line: 17
Info (10041): Inferred latch for "HEX0[3]" at placar.v(17) File: /home/ec2022/ra260514/MC613FINAL/2024s1-mc613-projeto-rat_race/placar.v Line: 17
Info (10041): Inferred latch for "HEX0[4]" at placar.v(17) File: /home/ec2022/ra260514/MC613FINAL/2024s1-mc613-projeto-rat_race/placar.v Line: 17
Info (10041): Inferred latch for "HEX0[5]" at placar.v(17) File: /home/ec2022/ra260514/MC613FINAL/2024s1-mc613-projeto-rat_race/placar.v Line: 17
Info (10041): Inferred latch for "HEX0[6]" at placar.v(17) File: /home/ec2022/ra260514/MC613FINAL/2024s1-mc613-projeto-rat_race/placar.v Line: 17
Info (12128): Elaborating entity "barra" for hierarchy "barra:barraDir" File: /home/ec2022/ra260514/MC613FINAL/2024s1-mc613-projeto-rat_race/projetofinal.v Line: 80
Warning (10036): Verilog HDL or VHDL warning at barra.v(20): object "estadoBarraV" assigned a value but never read File: /home/ec2022/ra260514/MC613FINAL/2024s1-mc613-projeto-rat_race/barra.v Line: 20
Warning (10230): Verilog HDL assignment warning at barra.v(66): truncated value with size 32 to match size of target (10) File: /home/ec2022/ra260514/MC613FINAL/2024s1-mc613-projeto-rat_race/barra.v Line: 66
Warning (10230): Verilog HDL assignment warning at barra.v(67): truncated value with size 32 to match size of target (10) File: /home/ec2022/ra260514/MC613FINAL/2024s1-mc613-projeto-rat_race/barra.v Line: 67
Warning (10230): Verilog HDL assignment warning at barra.v(73): truncated value with size 32 to match size of target (10) File: /home/ec2022/ra260514/MC613FINAL/2024s1-mc613-projeto-rat_race/barra.v Line: 73
Warning (10230): Verilog HDL assignment warning at barra.v(74): truncated value with size 32 to match size of target (10) File: /home/ec2022/ra260514/MC613FINAL/2024s1-mc613-projeto-rat_race/barra.v Line: 74
Warning (14026): LATCH primitive "placar:placar_instance|HEX2[0]" is permanently enabled File: /home/ec2022/ra260514/MC613FINAL/2024s1-mc613-projeto-rat_race/placar.v Line: 17
Warning (14026): LATCH primitive "placar:placar_instance|HEX2[1]" is permanently enabled File: /home/ec2022/ra260514/MC613FINAL/2024s1-mc613-projeto-rat_race/placar.v Line: 17
Warning (14026): LATCH primitive "placar:placar_instance|HEX2[2]" is permanently enabled File: /home/ec2022/ra260514/MC613FINAL/2024s1-mc613-projeto-rat_race/placar.v Line: 17
Warning (14026): LATCH primitive "placar:placar_instance|HEX2[3]" is permanently enabled File: /home/ec2022/ra260514/MC613FINAL/2024s1-mc613-projeto-rat_race/placar.v Line: 17
Warning (14026): LATCH primitive "placar:placar_instance|HEX2[4]" is permanently enabled File: /home/ec2022/ra260514/MC613FINAL/2024s1-mc613-projeto-rat_race/placar.v Line: 17
Warning (14026): LATCH primitive "placar:placar_instance|HEX2[5]" is permanently enabled File: /home/ec2022/ra260514/MC613FINAL/2024s1-mc613-projeto-rat_race/placar.v Line: 17
Warning (14026): LATCH primitive "placar:placar_instance|HEX2[6]" is permanently enabled File: /home/ec2022/ra260514/MC613FINAL/2024s1-mc613-projeto-rat_race/placar.v Line: 17
Warning (14026): LATCH primitive "placar:placar_instance|HEX5[0]" is permanently enabled File: /home/ec2022/ra260514/MC613FINAL/2024s1-mc613-projeto-rat_race/placar.v Line: 58
Warning (14026): LATCH primitive "placar:placar_instance|HEX5[1]" is permanently enabled File: /home/ec2022/ra260514/MC613FINAL/2024s1-mc613-projeto-rat_race/placar.v Line: 58
Warning (14026): LATCH primitive "placar:placar_instance|HEX5[2]" is permanently enabled File: /home/ec2022/ra260514/MC613FINAL/2024s1-mc613-projeto-rat_race/placar.v Line: 58
Warning (14026): LATCH primitive "placar:placar_instance|HEX5[3]" is permanently enabled File: /home/ec2022/ra260514/MC613FINAL/2024s1-mc613-projeto-rat_race/placar.v Line: 58
Warning (14026): LATCH primitive "placar:placar_instance|HEX5[4]" is permanently enabled File: /home/ec2022/ra260514/MC613FINAL/2024s1-mc613-projeto-rat_race/placar.v Line: 58
Warning (14026): LATCH primitive "placar:placar_instance|HEX5[5]" is permanently enabled File: /home/ec2022/ra260514/MC613FINAL/2024s1-mc613-projeto-rat_race/placar.v Line: 58
Warning (14026): LATCH primitive "placar:placar_instance|HEX5[6]" is permanently enabled File: /home/ec2022/ra260514/MC613FINAL/2024s1-mc613-projeto-rat_race/placar.v Line: 58
Warning (12241): 2 hierarchies have connectivity warnings - see the Connectivity Checks report folder
Warning (13012): Latch placar:placar_instance|HEX0[0] has unsafe behavior File: /home/ec2022/ra260514/MC613FINAL/2024s1-mc613-projeto-rat_race/placar.v Line: 17
    Warning (13013): Ports D and ENA on the latch are fed by the same signal placar[1] File: /home/ec2022/ra260514/MC613FINAL/2024s1-mc613-projeto-rat_race/projetofinal.v Line: 187
Warning (13012): Latch placar:placar_instance|HEX0[1] has unsafe behavior File: /home/ec2022/ra260514/MC613FINAL/2024s1-mc613-projeto-rat_race/placar.v Line: 17
    Warning (13013): Ports D and ENA on the latch are fed by the same signal placar[2] File: /home/ec2022/ra260514/MC613FINAL/2024s1-mc613-projeto-rat_race/projetofinal.v Line: 187
Warning (13012): Latch placar:placar_instance|HEX0[2] has unsafe behavior File: /home/ec2022/ra260514/MC613FINAL/2024s1-mc613-projeto-rat_race/placar.v Line: 17
    Warning (13013): Ports D and ENA on the latch are fed by the same signal placar[1] File: /home/ec2022/ra260514/MC613FINAL/2024s1-mc613-projeto-rat_race/projetofinal.v Line: 187
Warning (13012): Latch placar:placar_instance|HEX0[3] has unsafe behavior File: /home/ec2022/ra260514/MC613FINAL/2024s1-mc613-projeto-rat_race/placar.v Line: 17
    Warning (13013): Ports D and ENA on the latch are fed by the same signal placar[1] File: /home/ec2022/ra260514/MC613FINAL/2024s1-mc613-projeto-rat_race/projetofinal.v Line: 187
Warning (13012): Latch placar:placar_instance|HEX0[4] has unsafe behavior File: /home/ec2022/ra260514/MC613FINAL/2024s1-mc613-projeto-rat_race/placar.v Line: 17
    Warning (13013): Ports D and ENA on the latch are fed by the same signal placar[1] File: /home/ec2022/ra260514/MC613FINAL/2024s1-mc613-projeto-rat_race/projetofinal.v Line: 187
Warning (13012): Latch placar:placar_instance|HEX0[5] has unsafe behavior File: /home/ec2022/ra260514/MC613FINAL/2024s1-mc613-projeto-rat_race/placar.v Line: 17
    Warning (13013): Ports D and ENA on the latch are fed by the same signal placar[1] File: /home/ec2022/ra260514/MC613FINAL/2024s1-mc613-projeto-rat_race/projetofinal.v Line: 187
Warning (13012): Latch placar:placar_instance|HEX0[6] has unsafe behavior File: /home/ec2022/ra260514/MC613FINAL/2024s1-mc613-projeto-rat_race/placar.v Line: 17
    Warning (13013): Ports D and ENA on the latch are fed by the same signal placar[1] File: /home/ec2022/ra260514/MC613FINAL/2024s1-mc613-projeto-rat_race/projetofinal.v Line: 187
Warning (13012): Latch placar:placar_instance|HEX1[0] has unsafe behavior File: /home/ec2022/ra260514/MC613FINAL/2024s1-mc613-projeto-rat_race/placar.v Line: 17
    Warning (13013): Ports D and ENA on the latch are fed by the same signal placar:placar_instance|bcd2[5]~synth File: /home/ec2022/ra260514/MC613FINAL/2024s1-mc613-projeto-rat_race/placar.v Line: 15
Warning (13012): Latch placar:placar_instance|HEX1[1] has unsafe behavior File: /home/ec2022/ra260514/MC613FINAL/2024s1-mc613-projeto-rat_race/placar.v Line: 17
    Warning (13013): Ports D and ENA on the latch are fed by the same signal placar:placar_instance|bcd2[6]~synth File: /home/ec2022/ra260514/MC613FINAL/2024s1-mc613-projeto-rat_race/placar.v Line: 15
Warning (13012): Latch placar:placar_instance|HEX1[2] has unsafe behavior File: /home/ec2022/ra260514/MC613FINAL/2024s1-mc613-projeto-rat_race/placar.v Line: 17
    Warning (13013): Ports D and ENA on the latch are fed by the same signal placar:placar_instance|bcd2[6]~synth File: /home/ec2022/ra260514/MC613FINAL/2024s1-mc613-projeto-rat_race/placar.v Line: 15
Warning (13012): Latch placar:placar_instance|HEX1[3] has unsafe behavior File: /home/ec2022/ra260514/MC613FINAL/2024s1-mc613-projeto-rat_race/placar.v Line: 17
    Warning (13013): Ports D and ENA on the latch are fed by the same signal placar:placar_instance|bcd2[6]~synth File: /home/ec2022/ra260514/MC613FINAL/2024s1-mc613-projeto-rat_race/placar.v Line: 15
Warning (13012): Latch placar:placar_instance|HEX1[4] has unsafe behavior File: /home/ec2022/ra260514/MC613FINAL/2024s1-mc613-projeto-rat_race/placar.v Line: 17
    Warning (13013): Ports D and ENA on the latch are fed by the same signal placar:placar_instance|bcd2[6]~synth File: /home/ec2022/ra260514/MC613FINAL/2024s1-mc613-projeto-rat_race/placar.v Line: 15
Warning (13012): Latch placar:placar_instance|HEX1[5] has unsafe behavior File: /home/ec2022/ra260514/MC613FINAL/2024s1-mc613-projeto-rat_race/placar.v Line: 17
    Warning (13013): Ports D and ENA on the latch are fed by the same signal placar:placar_instance|bcd2[5]~synth File: /home/ec2022/ra260514/MC613FINAL/2024s1-mc613-projeto-rat_race/placar.v Line: 15
Warning (13012): Latch placar:placar_instance|HEX1[6] has unsafe behavior File: /home/ec2022/ra260514/MC613FINAL/2024s1-mc613-projeto-rat_race/placar.v Line: 17
    Warning (13013): Ports D and ENA on the latch are fed by the same signal placar:placar_instance|bcd2[5]~synth File: /home/ec2022/ra260514/MC613FINAL/2024s1-mc613-projeto-rat_race/placar.v Line: 15
Warning (13012): Latch placar:placar_instance|HEX3[0] has unsafe behavior File: /home/ec2022/ra260514/MC613FINAL/2024s1-mc613-projeto-rat_race/placar.v Line: 58
    Warning (13013): Ports D and ENA on the latch are fed by the same signal placarOponente[1] File: /home/ec2022/ra260514/MC613FINAL/2024s1-mc613-projeto-rat_race/projetofinal.v Line: 187
Warning (13012): Latch placar:placar_instance|HEX3[1] has unsafe behavior File: /home/ec2022/ra260514/MC613FINAL/2024s1-mc613-projeto-rat_race/placar.v Line: 58
    Warning (13013): Ports D and ENA on the latch are fed by the same signal placarOponente[2] File: /home/ec2022/ra260514/MC613FINAL/2024s1-mc613-projeto-rat_race/projetofinal.v Line: 187
Warning (13012): Latch placar:placar_instance|HEX3[2] has unsafe behavior File: /home/ec2022/ra260514/MC613FINAL/2024s1-mc613-projeto-rat_race/placar.v Line: 58
    Warning (13013): Ports D and ENA on the latch are fed by the same signal placarOponente[1] File: /home/ec2022/ra260514/MC613FINAL/2024s1-mc613-projeto-rat_race/projetofinal.v Line: 187
Warning (13012): Latch placar:placar_instance|HEX3[3] has unsafe behavior File: /home/ec2022/ra260514/MC613FINAL/2024s1-mc613-projeto-rat_race/placar.v Line: 58
    Warning (13013): Ports D and ENA on the latch are fed by the same signal placarOponente[1] File: /home/ec2022/ra260514/MC613FINAL/2024s1-mc613-projeto-rat_race/projetofinal.v Line: 187
Warning (13012): Latch placar:placar_instance|HEX3[4] has unsafe behavior File: /home/ec2022/ra260514/MC613FINAL/2024s1-mc613-projeto-rat_race/placar.v Line: 58
    Warning (13013): Ports D and ENA on the latch are fed by the same signal placarOponente[1] File: /home/ec2022/ra260514/MC613FINAL/2024s1-mc613-projeto-rat_race/projetofinal.v Line: 187
Warning (13012): Latch placar:placar_instance|HEX3[5] has unsafe behavior File: /home/ec2022/ra260514/MC613FINAL/2024s1-mc613-projeto-rat_race/placar.v Line: 58
    Warning (13013): Ports D and ENA on the latch are fed by the same signal placarOponente[1] File: /home/ec2022/ra260514/MC613FINAL/2024s1-mc613-projeto-rat_race/projetofinal.v Line: 187
Warning (13012): Latch placar:placar_instance|HEX3[6] has unsafe behavior File: /home/ec2022/ra260514/MC613FINAL/2024s1-mc613-projeto-rat_race/placar.v Line: 58
    Warning (13013): Ports D and ENA on the latch are fed by the same signal placarOponente[1] File: /home/ec2022/ra260514/MC613FINAL/2024s1-mc613-projeto-rat_race/projetofinal.v Line: 187
Warning (13012): Latch placar:placar_instance|HEX4[0] has unsafe behavior File: /home/ec2022/ra260514/MC613FINAL/2024s1-mc613-projeto-rat_race/placar.v Line: 58
    Warning (13013): Ports D and ENA on the latch are fed by the same signal placar:placar_instance|bcd1[5]~synth File: /home/ec2022/ra260514/MC613FINAL/2024s1-mc613-projeto-rat_race/placar.v Line: 14
Warning (13012): Latch placar:placar_instance|HEX4[1] has unsafe behavior File: /home/ec2022/ra260514/MC613FINAL/2024s1-mc613-projeto-rat_race/placar.v Line: 58
    Warning (13013): Ports D and ENA on the latch are fed by the same signal placar:placar_instance|bcd1[6]~synth File: /home/ec2022/ra260514/MC613FINAL/2024s1-mc613-projeto-rat_race/placar.v Line: 14
Warning (13012): Latch placar:placar_instance|HEX4[2] has unsafe behavior File: /home/ec2022/ra260514/MC613FINAL/2024s1-mc613-projeto-rat_race/placar.v Line: 58
    Warning (13013): Ports D and ENA on the latch are fed by the same signal placar:placar_instance|bcd1[6]~synth File: /home/ec2022/ra260514/MC613FINAL/2024s1-mc613-projeto-rat_race/placar.v Line: 14
Warning (13012): Latch placar:placar_instance|HEX4[3] has unsafe behavior File: /home/ec2022/ra260514/MC613FINAL/2024s1-mc613-projeto-rat_race/placar.v Line: 58
    Warning (13013): Ports D and ENA on the latch are fed by the same signal placar:placar_instance|bcd1[6]~synth File: /home/ec2022/ra260514/MC613FINAL/2024s1-mc613-projeto-rat_race/placar.v Line: 14
Warning (13012): Latch placar:placar_instance|HEX4[4] has unsafe behavior File: /home/ec2022/ra260514/MC613FINAL/2024s1-mc613-projeto-rat_race/placar.v Line: 58
    Warning (13013): Ports D and ENA on the latch are fed by the same signal placar:placar_instance|bcd1[6]~synth File: /home/ec2022/ra260514/MC613FINAL/2024s1-mc613-projeto-rat_race/placar.v Line: 14
Warning (13012): Latch placar:placar_instance|HEX4[5] has unsafe behavior File: /home/ec2022/ra260514/MC613FINAL/2024s1-mc613-projeto-rat_race/placar.v Line: 58
    Warning (13013): Ports D and ENA on the latch are fed by the same signal placar:placar_instance|bcd1[5]~synth File: /home/ec2022/ra260514/MC613FINAL/2024s1-mc613-projeto-rat_race/placar.v Line: 14
Warning (13012): Latch placar:placar_instance|HEX4[6] has unsafe behavior File: /home/ec2022/ra260514/MC613FINAL/2024s1-mc613-projeto-rat_race/placar.v Line: 58
    Warning (13013): Ports D and ENA on the latch are fed by the same signal placar:placar_instance|bcd1[5]~synth File: /home/ec2022/ra260514/MC613FINAL/2024s1-mc613-projeto-rat_race/placar.v Line: 14
Info (13000): Registers with preset signals will power-up high File: /home/ec2022/ra260514/MC613FINAL/2024s1-mc613-projeto-rat_race/barra.v Line: 35
Info (13003): DEV_CLRn pin will set, and not reset, register with preset signal due to NOT Gate Push-Back
Warning (13024): Output pins are stuck at VCC or GND
    Warning (13410): Pin "VGA_BLANK_N" is stuck at VCC File: /home/ec2022/ra260514/MC613FINAL/2024s1-mc613-projeto-rat_race/projetofinal.v Line: 14
    Warning (13410): Pin "VGA_SYNC_N" is stuck at GND File: /home/ec2022/ra260514/MC613FINAL/2024s1-mc613-projeto-rat_race/projetofinal.v Line: 15
Info (286030): Timing-Driven Synthesis is running
Info (17049): 5 registers lost all their fanouts during netlist optimizations.
Info (16010): Generating hard_block partition "hard_block:auto_generated_inst"
    Info (16011): Adding 0 node(s), including 0 DDIO, 0 PLL, 0 transceiver and 0 LCELL
Warning (21074): Design contains 8 input pin(s) that do not drive logic
    Warning (15610): No output dependent on input pin "SW[1]" File: /home/ec2022/ra260514/MC613FINAL/2024s1-mc613-projeto-rat_race/projetofinal.v Line: 4
    Warning (15610): No output dependent on input pin "SW[2]" File: /home/ec2022/ra260514/MC613FINAL/2024s1-mc613-projeto-rat_race/projetofinal.v Line: 4
    Warning (15610): No output dependent on input pin "SW[3]" File: /home/ec2022/ra260514/MC613FINAL/2024s1-mc613-projeto-rat_race/projetofinal.v Line: 4
    Warning (15610): No output dependent on input pin "SW[4]" File: /home/ec2022/ra260514/MC613FINAL/2024s1-mc613-projeto-rat_race/projetofinal.v Line: 4
    Warning (15610): No output dependent on input pin "SW[5]" File: /home/ec2022/ra260514/MC613FINAL/2024s1-mc613-projeto-rat_race/projetofinal.v Line: 4
    Warning (15610): No output dependent on input pin "SW[6]" File: /home/ec2022/ra260514/MC613FINAL/2024s1-mc613-projeto-rat_race/projetofinal.v Line: 4
    Warning (15610): No output dependent on input pin "SW[7]" File: /home/ec2022/ra260514/MC613FINAL/2024s1-mc613-projeto-rat_race/projetofinal.v Line: 4
    Warning (15610): No output dependent on input pin "SW[8]" File: /home/ec2022/ra260514/MC613FINAL/2024s1-mc613-projeto-rat_race/projetofinal.v Line: 4
Info (21057): Implemented 1032 device resources after synthesis - the final resource count might be different
    Info (21058): Implemented 15 input pins
    Info (21059): Implemented 71 output pins
    Info (21061): Implemented 946 logic cells
Info: Quartus Prime Analysis & Synthesis was successful. 0 errors, 119 warnings
    Info: Peak virtual memory: 1324 megabytes
    Info: Processing ended: Wed Jun 12 11:00:17 2024
    Info: Elapsed time: 00:00:13
    Info: Total CPU time (on all processors): 00:00:33


